<!doctype html><html lang="zh-hans"><head><meta charset="utf-8"><meta name="viewport" content="width=device-width, initial-scale=1, shrink-to-fit=no"><title>#golden</title><link rel="stylesheet" href="https://stackpath.bootstrapcdn.com/bootstrap/4.3.1/css/bootstrap.min.css" integrity="sha384-ggOyR0iXCbMQv3Xipma34MD+dH/1fQ784/j6cY/iJTQUOhcWr7x9JvoRxT2MZw1T" crossorigin="anonymous"><link rel="stylesheet" href="/img/css.css?random="><link data-rh="true" rel="icon" href="/img/favicon.ico"/><script data-ad-client="ca-pub-6067137220025946" async src="https://pagead2.googlesyndication.com/pagead/js/adsbygoogle.js"></script><script type="text/javascript" src="https://platform-api.sharethis.com/js/sharethis.js#property=5effb96910009800120b8d4d&product=inline-share-buttons" async="async"></script>
<script>var _hmt = _hmt || [];(function() {var hm = document.createElement("script");hm.src = "https://hm.baidu.com/hm.js?03c1a0f31299b4a2fbb83c34d6beaac9";var s = document.getElementsByTagName("script")[0]; s.parentNode.insertBefore(hm, s);})();</script></head><body><div id="my_header"><div class="container"><nav class="navbar navbar-expand-lg"><a class="navbar-brand" href="/"><img alt="diglog" src="/img/logo.v1.gif" class="rounded-sm"></a><button class="navbar-toggler" type="button" data-toggle="collapse" data-target="#navbarNavAltMarkup" aria-controls="navbarNavAltMarkup" aria-expanded="false" aria-label="Toggle navigation"><span class="navbar-toggler-icon"></span></button><div class="collapse navbar-collapse" id="navbarNavAltMarkup"><div class="navbar-nav"></div></div></nav></div></div><div class="container"><div id="my_content"><h1>#golden</h1><div class="row"><div class="col-lg-8 col-12"><div id="list"><div class="my_story_list_item shadow p-3 mb-5 bg-white rounded clearfix"><div class="item_title"><a target="_blank" href="/story/1062509.html">金手铐 </a></div><div class="item_title_en"><a target="_blank" href="https://avc.com/2021/05/golden-handcuffs-2/">Golden Handcuffs</a><span>(avc.com)</span></div><span class="my_story_list_date">2021-5-14 1:21</span><div class="my_story_list_item_desc">在整个初创公司和技术领域的基于股票的补偿计划基于“金色手铐” - 员工不能离开的想法，因为如果他们这样做，他们会放弃太多钱。
 我从来没有喜欢那个概念。感觉就像留在孩子们的坏婚姻一样。
 所以我一直参与重新思考的一项努力，这种练习和其中一个努力在本周早些时候在董事会和赔偿委员会在董事会和赔偿委员会上发光，博客有关他们......</div><div class="my_item_tag_container"><button type="button" class="btn btn-light my_tag"><a href="/tag/手铐/">#手铐</a></button><button type="button" class="btn btn-light my_tag"><a href="/tag/golden/">#golden</a></button><button type="button" class="btn btn-light my_tag"><a href="/tag/员工/">#员工</a></button></div></div><div class="my_story_list_item shadow p-3 mb-5 bg-white rounded clearfix"><div class="item_title"><a target="_blank" href="/story/1041495.html">考虑一下黄金痣（2019） </a></div><div class="item_title_en"><a target="_blank" href="https://www.lrb.co.uk/the-paper/v41/n08/katherine-rundell/consider-the-golden-mole">Consider the Golden Mole (2019)</a><span>(www.lrb.co.uk)</span></div><span class="my_story_list_date">2020-12-23 22:41</span><div class="float-md-right my_story_img_thumb"><a target="_blank" href="/story/1041495.html"><img src="http://img2.diglog.com/img/2020/12/thumb_dfb1a05e3a22621c3dceca07acb8e037.jpg" class="img-fluid my_story_img_thumb" onerror="this.style.display='none'"></a></div><div class="my_story_list_item_desc">Warning: Can only detect less than 5000 characters</div><div class="my_item_tag_container"><button type="button" class="btn btn-light my_tag"><a href="/tag/黄金/">#黄金</a></button><button type="button" class="btn btn-light my_tag"><a href="/tag/golden/">#golden</a></button><button type="button" class="btn btn-light my_tag"><a href="/tag/warning/">#warning</a></button></div></div><div class="my_story_list_item shadow p-3 mb-5 bg-white rounded clearfix"><div class="item_title"><a target="_blank" href="/story/1039818.html">拥有黄金机票的人（2019） </a></div><div class="item_title_en"><a target="_blank" href="https://narratively.com/the-man-with-the-golden-airline-ticket/">The Man with the Golden Airline Ticket (2019)</a><span>(narratively.com)</span></div><span class="my_story_list_date">2020-12-15 21:33</span><div class="float-md-right my_story_img_thumb"><a target="_blank" href="/story/1039818.html"><img src="http://img2.diglog.com/img/2020/12/thumb_b8dc8e3497f44fe8c8496bbd536e6477.jpg" class="img-fluid my_story_img_thumb" onerror="this.style.display='none'"></a></div><div class="my_story_list_item_desc">2009年3月10日，我在伊利诺伊州北区的美国巡回法院提起诉讼。 Rothstein诉American Airlines，Inc.为我的父亲，原告人Steven Rothstein和被告（当时世界第三大航空公司）担任主演。美国航空的年收入为230亿美元，没有损失。对我父亲而言，这是挽救他生命的最后努力。
 这就是一切......</div><div class="my_item_tag_container"><button type="button" class="btn btn-light my_tag"><a href="/tag/黄金/">#黄金</a></button><button type="button" class="btn btn-light my_tag"><a href="/tag/golden/">#golden</a></button><button type="button" class="btn btn-light my_tag"><a href="/tag/父亲/">#父亲</a></button></div></div><div class="my_story_list_item shadow p-3 mb-5 bg-white rounded clearfix"><div class="item_title"><a target="_blank" href="/story/1032448.html">为什么我们生活在历史小说的黄金时代？(2019年)</a></div><div class="item_title_en"><a target="_blank" href="https://www.nytimes.com/2019/05/07/t-magazine/historical-fiction-books.html">Why Are We Living in a Golden Age of Historical Fiction? (2019)</a><span>(www.nytimes.com)</span></div><span class="my_story_list_date">2020-10-31 12:47</span><div class="float-md-right my_story_img_thumb"><a target="_blank" href="/story/1032448.html"><img src="http://img2.diglog.com/img/2020/10/thumb_1d1a4fbcc6a721b400334498089ab83b.jpg" class="img-fluid my_story_img_thumb" onerror="this.style.display='none'"></a></div><div class="my_story_list_item_desc">在2013年的一次采访中，作家乔纳森·弗兰岑(Jonathan Franzen)的小说被誉为当代美国中产阶级生活的“画窗”。当他承认自己抵制历史小说时，他表达了许多读者的感受，解释说他被那些“致力于让自己的生活和他们发现自己所处的世界有意义”的作家所吸引，这些作家明显参与了这场游戏。这是一种很难不同意的观点--把过去......</div><div class="my_item_tag_container"><button type="button" class="btn btn-light my_tag"><a href="/tag/历史/">#历史</a></button><button type="button" class="btn btn-light my_tag"><a href="/tag/golden/">#golden</a></button></div></div><div class="my_story_list_item shadow p-3 mb-5 bg-white rounded clearfix"><div class="item_title"><a target="_blank" href="/story/1025537.html">四堂金色的课(2003)</a></div><div class="item_title_en"><a target="_blank" href="https://www.nature.com/articles/426389a">Four Golden Lessons (2003)</a><span>(www.nature.com)</span></div><span class="my_story_list_date">2020-9-22 19:20</span><div class="my_story_list_item_desc">大约一百年前，当我获得本科学位时，物理文献对我来说就像是一片广阔的、未被探索的海洋，在开始自己的任何研究之前，我必须先绘制其中的每一部分。我怎么能在不知道所有已经做过的事情的情况下做任何事情呢？幸运的是，在我读研究生的第一年，我很幸运地落入了资深物理学家的手中，他们不顾我的焦虑反对，坚持要求我必须开始研究，并在进行过......</div><div class="my_item_tag_container"><button type="button" class="btn btn-light my_tag"><a href="/tag/金色/">#金色</a></button><button type="button" class="btn btn-light my_tag"><a href="/tag/golden/">#golden</a></button><button type="button" class="btn btn-light my_tag"><a href="/tag/科学/">#科学</a></button></div></div><div class="my_story_list_item shadow p-3 mb-5 bg-white rounded clearfix"><div class="item_title"><a target="_blank" href="/story/1020048.html">黄金时代 / 鼎盛时期</a></div><div class="item_title_en"><a target="_blank" href="https://gaby.dev/posts/golden-age">Golden Age</a><span>(gaby.dev)</span></div><span class="my_story_list_date">2020-8-25 1:15</span><div class="float-md-right my_story_img_thumb"><a target="_blank" href="/story/1020048.html"><img src="http://img.diglog.com/img/2020/8/thumb_0323cf6a2fce7a7c526645767b4f9a11.jpg" class="img-fluid my_story_img_thumb" onerror="this.style.display='none'"></a></div><div class="my_story_list_item_desc">他把黑色毛圈汗带系在额头上，小心翼翼地不惊动平坦的仙台皮垫。他闭上了眼睛。一个灰色的圆盘，千叶天空的颜色。圆盘开始旋转，变得更快，变成一个灰白色的球体。不断扩展--为他开花，流畅的霓虹灯折纸技巧，展开他无边的家，他的国家，透明的3D棋盘延伸到无限。向东海岸裂变管理局的阶梯状深红色金字塔的内眼张开，在美国三菱银行的绿色......</div><div class="my_item_tag_container"><button type="button" class="btn btn-light my_tag"><a href="/tag/黄金时代/">#黄金时代</a></button><button type="button" class="btn btn-light my_tag"><a href="/tag/golden/">#golden</a></button><button type="button" class="btn btn-light my_tag"><a href="/tag/网络空间/">#网络空间</a></button></div></div><div class="my_story_list_item shadow p-3 mb-5 bg-white rounded clearfix"><div class="item_title"><a target="_blank" href="/story/1017350.html">这会是健身新黄金时代的开始吗？</a></div><div class="item_title_en"><a target="_blank" href="https://www.forbes.com/sites/markhall/2020/08/10/golden-age-of-fitness/#44fc16b22dff">Could This Be the Start of a New Golden Age of Fitness?</a><span>(www.forbes.com)</span></div><span class="my_story_list_date">2020-8-10 22:53</span><div class="float-md-right my_story_img_thumb"><a target="_blank" href="/story/1017350.html"><img src="http://img.diglog.com/img/2020/8/thumb_75e69b8a931580a7e52fda7f62dcb7dc.jpg" class="img-fluid my_story_img_thumb" onerror="this.style.display='none'"></a></div><div class="my_story_list_item_desc">在过去的几十年里，越来越多的美国人接受了更健康的生活方式，其中包括更好的营养和定期锻炼。
数据显示，人们的优先事项已经发生了一些变化，以反映出对自我护理和健康的更高重要性。
2019年，据估计，超过20%的美国人属于健身房、健身房或健身俱乐部。事实上，据报道，自2008年以来，健身俱乐部会员人数增加了37%。
与此同......</div><div class="my_item_tag_container"><button type="button" class="btn btn-light my_tag"><a href="/tag/健身/">#健身</a></button><button type="button" class="btn btn-light my_tag"><a href="/tag/golden/">#golden</a></button><button type="button" class="btn btn-light my_tag"><a href="/tag/健身房/">#健身房</a></button></div></div></div></div><div class="col-lg-4 col-0"><div class="my_movie_list_item shadow p-3 mb-5 bg-white rounded"><button type="button" class="btn btn-link my_tag"><a href="/tag/美国/">#美国</a></button><button type="button" class="btn btn-link my_tag"><a href="/tag/google/">#google</a></button><button type="button" class="btn btn-link my_tag"><a href="/tag/apple/">#apple</a></button><button type="button" class="btn btn-link my_tag"><a href="/tag/谷歌/">#谷歌</a></button><button type="button" class="btn btn-link my_tag"><a href="/tag/程序/">#程序</a></button><button type="button" class="btn btn-link my_tag"><a href="/tag/rust/">#rust</a></button><button type="button" class="btn btn-link my_tag"><a href="/tag/数据/">#数据</a></button><button type="button" class="btn btn-link my_tag"><a href="/tag/warning/">#warning</a></button><button type="button" class="btn btn-link my_tag"><a href="/tag/游戏/">#游戏</a></button><button type="button" class="btn btn-link my_tag"><a href="/tag/代码/">#代码</a></button><button type="button" class="btn btn-link my_tag"><a href="/tag/ai/">#ai</a></button><button type="button" class="btn btn-link my_tag"><a href="/tag/软件/">#软件</a></button><button type="button" class="btn btn-link my_tag"><a href="/tag/linux/">#linux</a></button><button type="button" class="btn btn-link my_tag"><a href="/tag/设计/">#设计</a></button><button type="button" class="btn btn-link my_tag"><a href="/tag/学习/">#学习</a></button></div><div class="my_movie_list_item shadow p-3 mb-5 bg-white rounded"><button type="button" class="btn btn-link my_tag"><a href="/tag/web2.0/">#web2.0</a></button><button type="button" class="btn btn-link my_tag"><a href="/tag/google/">#google</a></button><button type="button" class="btn btn-link my_tag"><a href="/tag/设计/">#设计</a></button><button type="button" class="btn btn-link my_tag"><a href="/tag/创意/">#创意</a></button><button type="button" class="btn btn-link my_tag"><a href="/tag/摄影/">#摄影</a></button><button type="button" class="btn btn-link my_tag"><a href="/tag/游戏/">#游戏</a></button><button type="button" class="btn btn-link my_tag"><a href="/tag/图片/">#图片</a></button><button type="button" class="btn btn-link my_tag"><a href="/tag/软件/">#软件</a></button><button type="button" class="btn btn-link my_tag"><a href="/tag/视频/">#视频</a></button><button type="button" class="btn btn-link my_tag"><a href="/tag/手机/">#手机</a></button><button type="button" class="btn btn-link my_tag"><a href="/tag/广告/">#广告</a></button><button type="button" class="btn btn-link my_tag"><a href="/tag/apple/">#apple</a></button><button type="button" class="btn btn-link my_tag"><a href="/tag/iphone/">#iphone</a></button><button type="button" class="btn btn-link my_tag"><a href="/tag/网站/">#网站</a></button><button type="button" class="btn btn-link my_tag"><a href="/tag/免费/">#免费</a></button><button type="button" class="btn btn-link my_tag"><a href="/tag/下载/">#下载</a></button><button type="button" class="btn btn-link my_tag"><a href="/tag/windows/">#windows</a></button><button type="button" class="btn btn-link my_tag"><a href="/tag/微软/">#微软</a></button><button type="button" class="btn btn-link my_tag"><a href="/tag/firefox/">#firefox</a></button><button type="button" class="btn btn-link my_tag"><a href="/tag/苹果/">#苹果</a></button><button type="button" class="btn btn-link my_tag"><a href="/tag/blog/">#blog</a></button><button type="button" class="btn btn-link my_tag"><a href="/tag/音乐/">#音乐</a></button><button type="button" class="btn btn-link my_tag"><a href="/tag/博客/">#博客</a></button><button type="button" class="btn btn-link my_tag"><a href="/tag/wordpress/">#wordpress</a></button><button type="button" class="btn btn-link my_tag"><a href="/tag/恶搞/">#恶搞</a></button><button type="button" class="btn btn-link my_tag"><a href="/tag/艺术/">#艺术</a></button><button type="button" class="btn btn-link my_tag"><a href="/tag/qq/">#qq</a></button><button type="button" class="btn btn-link my_tag"><a href="/tag/web/">#web</a></button><button type="button" class="btn btn-link my_tag"><a href="/tag/谷歌/">#谷歌</a></button><button type="button" class="btn btn-link my_tag"><a href="/tag/工具/">#工具</a></button></div></div></div></div><div id="my_footer"><div class=""><a href="/tags/">tags</a> <a href="/users/">users</a></div>&copy;2012-2021 diglog.com </div></div></body></html>